Added Component: Designator=C?(CAPC2113X100X50ML30T10)
Add component (AddParameter): Name = "Manufacturer"; Value = "Kemet"; VariantName = "[No Variations]"
Add component (AddParameter): Name = "Part Number"; Value = "C0805X104K4RACTU"; VariantName = "[No Variations]"
Added Component: Designator=C?(CAPC2113X100X50ML30T10)
Add component (AddParameter): Name = "Manufacturer"; Value = "Kemet"; VariantName = "[No Variations]"
Add component (AddParameter): Name = "Part Number"; Value = "C0805X104K4RACTU"; VariantName = "[No Variations]"
Added Component: Designator=CPU?(ESP32_DEVKIT_32U)
Added Component: Designator=ENC?(FP-PEC11L-4020K-S0020-MFG)
Add component (AddParameter): Name = "Height"; Value = "12mm"; VariantName = "[No Variations]"
Add component (AddParameter): Name = "Length"; Value = "24.5mm"; VariantName = "[No Variations]"
Add component (AddParameter): Name = "Max Operating Temperature"; Value = "80°C"; VariantName = "[No Variations]"
Add component (AddParameter): Name = "Min Operating Temperature"; Value = "-25°C"; VariantName = "[No Variations]"
Add component (AddParameter): Name = "Number of Channels"; Value = "2"; VariantName = "[No Variations]"
Add component (AddParameter): Name = "Output Type"; Value = "Quadrature"; VariantName = "[No Variations]"
Add component (AddParameter): Name = "Package Quantity"; Value = "75"; VariantName = "[No Variations]"
Add component (AddParameter): Name = "Packaging"; Value = "Bulk"; VariantName = "[No Variations]"
Add component (AddParameter): Name = "RoHS Compliant"; Value = "Yes"; VariantName = "[No Variations]"
Add component (AddParameter): Name = "Termination"; Value = "Through Hole"; VariantName = "[No Variations]"
Add component (AddParameter): Name = "Width"; Value = "11.8mm"; VariantName = "[No Variations]"
Added Component: Designator=ESP?(ESP32 WROOM 32 KIT)
Added Component: Designator=H?(XH2.54M-10)
Add component (AddParameter): Name = "Chung_Loai"; Value = "C?m"; VariantName = "[No Variations]"
Add component (AddParameter): Name = "Don_Vi"; Value = "Con"; VariantName = "[No Variations]"
Add component (AddParameter): Name = "Ghi_Chu"; Value = ""; VariantName = "[No Variations]"
Add component (AddParameter): Name = "Kieu_Chan"; Value = ""; VariantName = "[No Variations]"
Add component (AddParameter): Name = "Ma_Hang"; Value = "MH001286"; VariantName = "[No Variations]"
Add component (AddParameter): Name = "Ten_Linh_Kien"; Value = "Header 10P XH2.54-10P Ð?c Th?ng"; VariantName = "[No Variations]"
Add component (AddParameter): Name = "Value"; Value = "XH-2.54-10P"; VariantName = "[No Variations]"
Added Component: Designator=H?(XH2.54M-6)
Add component (AddParameter): Name = "Chung_Loai"; Value = "C?m"; VariantName = "[No Variations]"
Add component (AddParameter): Name = "Don_Vi"; Value = "Con"; VariantName = "[No Variations]"
Add component (AddParameter): Name = "Ghi_Chu"; Value = ""; VariantName = "[No Variations]"
Add component (AddParameter): Name = "Kieu_Chan"; Value = ""; VariantName = "[No Variations]"
Add component (AddParameter): Name = "Ma_Hang"; Value = "MH001972"; VariantName = "[No Variations]"
Add component (AddParameter): Name = "Ten_Linh_Kien"; Value = "Header 6P XH2.54-6P Ð?c Th?ng"; VariantName = "[No Variations]"
Add component (AddParameter): Name = "Value"; Value = "XH-2.54-6P"; VariantName = "[No Variations]"
Added Component: Designator=IC?(lm2596)
Added Component: Designator=KF?(KF128-4P)
Added Component: Designator=KF?(KF128-4P)
Added Component: Designator=KF?(KF128-2P)
Add component (AddParameter): Name = "Value"; Value = "Domino KF128 2P GREEN"; VariantName = "[No Variations]"
Add Component: Footprint Not Found DSB 9-F
Added Component: Designator=R?(RESC0805(2012)_L)
Add component (AddParameter): Name = "Case-EIA"; Value = "0805"; VariantName = "[No Variations]"
Add component (AddParameter): Name = "Case-Metric"; Value = "2012"; VariantName = "[No Variations]"
Add component (AddParameter): Name = "Power"; Value = "0.125 W"; VariantName = "[No Variations]"
Add component (AddParameter): Name = "Technology"; Value = "SMT"; VariantName = "[No Variations]"
Add component (AddParameter): Name = "Tolerance"; Value = "5 %"; VariantName = "[No Variations]"
Add component (AddParameter): Name = "Value"; Value = "10000.00 Ohm"; VariantName = "[No Variations]"
Added Component: Designator=R?(RESC0805(2012)_L)
Add component (AddParameter): Name = "Case-EIA"; Value = "0805"; VariantName = "[No Variations]"
Add component (AddParameter): Name = "Case-Metric"; Value = "2012"; VariantName = "[No Variations]"
Add component (AddParameter): Name = "Power"; Value = "0.125 W"; VariantName = "[No Variations]"
Add component (AddParameter): Name = "Technology"; Value = "SMT"; VariantName = "[No Variations]"
Add component (AddParameter): Name = "Tolerance"; Value = "5 %"; VariantName = "[No Variations]"
Add component (AddParameter): Name = "Value"; Value = "10000.00 Ohm"; VariantName = "[No Variations]"
Added Component: Designator=R?(RESC0805(2012)_L)
Add component (AddParameter): Name = "Case-EIA"; Value = "0805"; VariantName = "[No Variations]"
Add component (AddParameter): Name = "Case-Metric"; Value = "2012"; VariantName = "[No Variations]"
Add component (AddParameter): Name = "Power"; Value = "0.125 W"; VariantName = "[No Variations]"
Add component (AddParameter): Name = "Technology"; Value = "SMT"; VariantName = "[No Variations]"
Add component (AddParameter): Name = "Tolerance"; Value = "5 %"; VariantName = "[No Variations]"
Add component (AddParameter): Name = "Value"; Value = "10000.00 Ohm"; VariantName = "[No Variations]"
Added Pin To Net: NetName=+5 Pin=R?-2
Added Pin To Net: NetName=+5 Pin=R?-2
Added Pin To Net: NetName=+5 Pin=R?-2
Added Net: Name=+5
Added Pin To Net: NetName=CHA_ROTARY Pin=C?-2
Added Pin To Net: NetName=CHA_ROTARY Pin=ENC?-A
Added Pin To Net: NetName=CHA_ROTARY Pin=ENC?-C
Added Pin To Net: NetName=CHA_ROTARY Pin=R?-1
Added Net: Name=CHA_ROTARY
Added Pin To Net: NetName=CHB_ROTARY Pin=C?-2
Added Pin To Net: NetName=CHB_ROTARY Pin=ENC?-B
Added Pin To Net: NetName=CHB_ROTARY Pin=R?-1
Added Net: Name=CHB_ROTARY
Added Pin To Net: NetName=GND Pin=C?-1
Added Pin To Net: NetName=GND Pin=C?-1
Added Pin To Net: NetName=GND Pin=ENC?-2
Added Pin To Net: NetName=GND Pin=ENC?-3
Added Pin To Net: NetName=GND Pin=ENC?-4
Added Net: Name=GND
Added Pin To Net: NetName=SW_ROTARY Pin=ENC?-1
Added Pin To Net: NetName=SW_ROTARY Pin=R?-1
Added Net: Name=SW_ROTARY
Added Class: Name=Sheet7
