Removed Pin From Net: NetName=NetD19_2 Pin=P1-1
Removed Pin From Net: NetName=NetD18_2 Pin=P1-2
Removed Pin From Net: NetName=NetD21_2 Pin=P2-1
Removed Pin From Net: NetName=NetD20_2 Pin=P2-2
Removed Pin From Net: NetName=NetD23_2 Pin=P3-1
Removed Pin From Net: NetName=NetD22_2 Pin=P3-2
Removed Pin From Net: NetName=NetD25_2 Pin=P4-1
Removed Pin From Net: NetName=NetD24_2 Pin=P4-2
Removed Pin From Net: NetName=NetD27_2 Pin=P5-1
Removed Pin From Net: NetName=NetD26_2 Pin=P5-2
Removed Pin From Net: NetName=NetD29_2 Pin=P6-1
Removed Pin From Net: NetName=NetD28_2 Pin=P6-2
Added Pin To Net: NetName=NetD18_2 Pin=P1-1
Added Pin To Net: NetName=NetD19_2 Pin=P1-2
Added Pin To Net: NetName=NetD20_2 Pin=P2-1
Added Pin To Net: NetName=NetD21_2 Pin=P2-2
Added Pin To Net: NetName=NetD22_2 Pin=P3-1
Added Pin To Net: NetName=NetD23_2 Pin=P3-2
Added Pin To Net: NetName=NetD24_2 Pin=P4-1
Added Pin To Net: NetName=NetD25_2 Pin=P4-2
Added Pin To Net: NetName=NetD26_2 Pin=P5-1
Added Pin To Net: NetName=NetD27_2 Pin=P5-2
Added Pin To Net: NetName=NetD28_2 Pin=P6-1
Added Pin To Net: NetName=NetD29_2 Pin=P6-2
Added Pin To Net: NetName=GND Pin=R74-2
Added Member To Class: ClassName=Sheet1 Member=Component D19 1N5819HW-7-F
Added Member To Class: ClassName=Sheet1 Member=Component R81 CRCW08051K00FKTC
