Added Component: Designator=K?(FP-G6D-1A-ASI_DC6-MFG)
Add component (AddParameter): Name = "Coil Current"; Value = "33.3mA"; VariantName = "[No Variations]"
Add component (AddParameter): Name = "Coil Power"; Value = "200mW"; VariantName = "[No Variations]"
Add component (AddParameter): Name = "Coil Resistance"; Value = "180R"; VariantName = "[No Variations]"
Add component (AddParameter): Name = "Coil Type"; Value = "Non-Latching"; VariantName = "[No Variations]"
Add component (AddParameter): Name = "Coil Voltage (DC)"; Value = "6V"; VariantName = "[No Variations]"
Add component (AddParameter): Name = "Contact Current Rating"; Value = "5A"; VariantName = "[No Variations]"
Add component (AddParameter): Name = "Contact Material"; Value = "Silver"; VariantName = "[No Variations]"
Add component (AddParameter): Name = "Max Operating Temperature"; Value = "70°C"; VariantName = "[No Variations]"
Add component (AddParameter): Name = "Min Operating Temperature"; Value = "-25°C"; VariantName = "[No Variations]"
Add component (AddParameter): Name = "Mount"; Value = "Through Hole"; VariantName = "[No Variations]"
Add component (AddParameter): Name = "Operate Time"; Value = "10ms"; VariantName = "[No Variations]"
Add component (AddParameter): Name = "Packaging"; Value = "Bulk"; VariantName = "[No Variations]"
Add component (AddParameter): Name = "Relay Type"; Value = "General Purpose"; VariantName = "[No Variations]"
Add component (AddParameter): Name = "Release Time"; Value = "5ms"; VariantName = "[No Variations]"
Add component (AddParameter): Name = "Termination"; Value = "PC Pin"; VariantName = "[No Variations]"
Add component (AddParameter): Name = "Throw Configuration"; Value = "SPST"; VariantName = "[No Variations]"
Added Member To Class: ClassName=Sheet1 Member=Component C5 VJ0805A101GXACW1BC
Added Member To Class: ClassName=Sheet1 Member=Component K? G6D-1A-ASI DC6
Added Member To Class: ClassName=Sheet1 Member=Component P4 KF -2 5.08
Added Member To Class: ClassName=Sheet1 Member=Component R44 CRCW08051K00FKTC
