Removed Pin From Net: NetName=GND Pin=U?-1
Removed Pin From Net: NetName=GND Pin=U?-1
Removed Pin From Net: NetName=GND Pin=U?-1
Removed Pin From Net: NetName=GND Pin=U?-1
Removed Pin From Net: NetName=GND Pin=U?-1
Removed Pin From Net: NetName=DIR_A1 Pin=U?-2
Removed Pin From Net: NetName=DIR_A1 Pin=U?-2
Removed Pin From Net: NetName=DIR_A1 Pin=U?-2
Removed Pin From Net: NetName=DIR_A1 Pin=U?-2
Removed Pin From Net: NetName=DIR_A1 Pin=U?-2
Removed Pin From Net: NetName=GND Pin=U?-3
Removed Pin From Net: NetName=GND Pin=U?-3
Removed Pin From Net: NetName=GND Pin=U?-3
Removed Pin From Net: NetName=GND Pin=U?-3
Removed Pin From Net: NetName=GND Pin=U?-3
Removed Pin From Net: NetName=PMW_AR Pin=U?-4
Removed Pin From Net: NetName=PMW_AR Pin=U?-4
Removed Pin From Net: NetName=PMW_AR Pin=U?-4
Removed Pin From Net: NetName=PMW_AR Pin=U?-4
Removed Pin From Net: NetName=PMW_AR Pin=U?-4
Removed Pin From Net: NetName=GND Pin=U?-5
Removed Pin From Net: NetName=GND Pin=U?-5
Removed Pin From Net: NetName=GND Pin=U?-5
Removed Pin From Net: NetName=GND Pin=U?-5
Removed Pin From Net: NetName=GND Pin=U?-5
Removed Pin From Net: NetName=DIR_A2 Pin=U?-6
Removed Pin From Net: NetName=DIR_A2 Pin=U?-6
Removed Pin From Net: NetName=DIR_A2 Pin=U?-6
Removed Pin From Net: NetName=DIR_A2 Pin=U?-6
Removed Pin From Net: NetName=DIR_A2 Pin=U?-6
Removed Pin From Net: NetName=GND Pin=U?-7
Removed Pin From Net: NetName=GND Pin=U?-7
Removed Pin From Net: NetName=GND Pin=U?-7
Removed Pin From Net: NetName=GND Pin=U?-7
Removed Pin From Net: NetName=GND Pin=U?-7
Removed Pin From Net: NetName=PMW_AR Pin=U?-8
Removed Pin From Net: NetName=PMW_AR Pin=U?-8
Removed Pin From Net: NetName=PMW_AR Pin=U?-8
Removed Pin From Net: NetName=PMW_AR Pin=U?-8
Removed Pin From Net: NetName=PMW_AR Pin=U?-8
Removed Pin From Net: NetName=GND Pin=U?-9
Removed Pin From Net: NetName=GND Pin=U?-9
Removed Pin From Net: NetName=GND Pin=U?-9
Removed Pin From Net: NetName=GND Pin=U?-9
Removed Pin From Net: NetName=GND Pin=U?-9
Removed Pin From Net: NetName=GND Pin=U?-11
Removed Pin From Net: NetName=GND Pin=U?-11
Removed Pin From Net: NetName=GND Pin=U?-11
Removed Pin From Net: NetName=GND Pin=U?-11
Removed Pin From Net: NetName=GND Pin=U?-11
Removed Pin From Net: NetName=OUT_A4 Pin=U?-12
Removed Pin From Net: NetName=OUT_A4 Pin=U?-12
Removed Pin From Net: NetName=OUT_A4 Pin=U?-12
Removed Pin From Net: NetName=OUT_A4 Pin=U?-12
Removed Pin From Net: NetName=OUT_A4 Pin=U?-12
Removed Pin From Net: NetName=GND Pin=U?-13
Removed Pin From Net: NetName=GND Pin=U?-13
Removed Pin From Net: NetName=GND Pin=U?-13
Removed Pin From Net: NetName=GND Pin=U?-13
Removed Pin From Net: NetName=GND Pin=U?-13
Removed Pin From Net: NetName=OUT_A3 Pin=U?-14
Removed Pin From Net: NetName=OUT_A3 Pin=U?-14
Removed Pin From Net: NetName=OUT_A3 Pin=U?-14
Removed Pin From Net: NetName=OUT_A3 Pin=U?-14
Removed Pin From Net: NetName=OUT_A3 Pin=U?-14
Removed Pin From Net: NetName=GND Pin=U?-15
Removed Pin From Net: NetName=GND Pin=U?-15
Removed Pin From Net: NetName=GND Pin=U?-15
Removed Pin From Net: NetName=GND Pin=U?-15
Removed Pin From Net: NetName=GND Pin=U?-15
Removed Pin From Net: NetName=OUT_A2 Pin=U?-16
Removed Pin From Net: NetName=OUT_A2 Pin=U?-16
Removed Pin From Net: NetName=OUT_A2 Pin=U?-16
Removed Pin From Net: NetName=OUT_A2 Pin=U?-16
Removed Pin From Net: NetName=OUT_A2 Pin=U?-16
Removed Pin From Net: NetName=GND Pin=U?-17
Removed Pin From Net: NetName=GND Pin=U?-17
Removed Pin From Net: NetName=GND Pin=U?-17
Removed Pin From Net: NetName=GND Pin=U?-17
Removed Pin From Net: NetName=GND Pin=U?-17
Removed Pin From Net: NetName=OUT_A1 Pin=U?-18
Removed Pin From Net: NetName=OUT_A1 Pin=U?-18
Removed Pin From Net: NetName=OUT_A1 Pin=U?-18
Removed Pin From Net: NetName=OUT_A1 Pin=U?-18
Removed Pin From Net: NetName=OUT_A1 Pin=U?-18
Removed Pin From Net: NetName=GND Pin=U?-19
Removed Pin From Net: NetName=GND Pin=U?-19
Removed Pin From Net: NetName=GND Pin=U?-19
Removed Pin From Net: NetName=GND Pin=U?-19
Removed Pin From Net: NetName=GND Pin=U?-19
Removed Member From Class: ClassName=Sheet1 Member=U?
Change Component Footprint: Designator=P? Old Footprint=691312510002 New Footprint=691312510002
Change Component Footprint: Designator=P? Old Footprint=691312510002 New Footprint=691312510002
Change Component Footprint: Designator=P? Old Footprint=691312510002 New Footprint=691312510002
Change Component Footprint: Designator=P? Old Footprint=691312510002 New Footprint=691312510002
Change Component Footprint: Designator=P? Old Footprint=691312510002 New Footprint=691312510002
Change Component Designator: OldDesignator=C? NewDesignator=C1
Change Component Designator: OldDesignator=C? NewDesignator=C2
Change Component Designator: OldDesignator=C? NewDesignator=C3
Change Component Designator: OldDesignator=C? NewDesignator=C4
Change Component Designator: OldDesignator=C? NewDesignator=C5
Change Component Designator: OldDesignator=C? NewDesignator=C6
Change Component Designator: OldDesignator=C? NewDesignator=C7
Change Component Designator: OldDesignator=C? NewDesignator=C8
Change Component Designator: OldDesignator=C? NewDesignator=C9
Change Component Designator: OldDesignator=C? NewDesignator=C10
Change Component Designator: OldDesignator=C? NewDesignator=C11
Change Component Designator: OldDesignator=C? NewDesignator=C12
Change Component Designator: OldDesignator=P? NewDesignator=P1
Change Component Designator: OldDesignator=P? NewDesignator=P2
Change Component Designator: OldDesignator=P? NewDesignator=P3
Change Component Designator: OldDesignator=P? NewDesignator=P4
Change Component Designator: OldDesignator=P? NewDesignator=P5
Change Component Designator: OldDesignator=P? NewDesignator=P6
Change Component Designator: OldDesignator=R? NewDesignator=R1
Change Component Designator: OldDesignator=R? NewDesignator=R2
Change Component Designator: OldDesignator=R? NewDesignator=R3
Change Component Designator: OldDesignator=R? NewDesignator=R4
Change Component Designator: OldDesignator=R? NewDesignator=R5
Change Component Designator: OldDesignator=R? NewDesignator=R6
Change Component Designator: OldDesignator=R? NewDesignator=R7
Change Component Designator: OldDesignator=R? NewDesignator=R8
Change Component Designator: OldDesignator=R? NewDesignator=R9
Change Component Designator: OldDesignator=R? NewDesignator=R10
Change Component Designator: OldDesignator=R? NewDesignator=R11
Change Component Designator: OldDesignator=R? NewDesignator=R12
Change Component Designator: OldDesignator=R? NewDesignator=R13
Change Component Designator: OldDesignator=R? NewDesignator=R14
Change Component Designator: OldDesignator=R? NewDesignator=R15
Change Component Designator: OldDesignator=R? NewDesignator=R16
Change Component Designator: OldDesignator=R? NewDesignator=R17
Change Component Designator: OldDesignator=R? NewDesignator=R18
Change Component Designator: OldDesignator=R? NewDesignator=R19
Change Component Designator: OldDesignator=R? NewDesignator=R20
Change Component Designator: OldDesignator=R? NewDesignator=R21
Change Component Designator: OldDesignator=R? NewDesignator=R22
Change Component Designator: OldDesignator=R? NewDesignator=R23
Change Component Designator: OldDesignator=R? NewDesignator=R24
Change Component Designator: OldDesignator=R? NewDesignator=R25
Change Component Designator: OldDesignator=R? NewDesignator=R26
Change Component Designator: OldDesignator=R? NewDesignator=R27
Change Component Designator: OldDesignator=R? NewDesignator=R28
Change Component Designator: OldDesignator=R? NewDesignator=R29
Change Component Designator: OldDesignator=R? NewDesignator=R30
Change Component Designator: OldDesignator=R? NewDesignator=R31
Change Component Designator: OldDesignator=R? NewDesignator=R32
Change Component Designator: OldDesignator=R? NewDesignator=R33
Change Component Designator: OldDesignator=R? NewDesignator=R34
Change Component Designator: OldDesignator=R? NewDesignator=R35
Change Component Designator: OldDesignator=R? NewDesignator=R36
Change Component Designator: OldDesignator=R? NewDesignator=R37
Change Component Designator: OldDesignator=R? NewDesignator=R38
Change Component Designator: OldDesignator=R? NewDesignator=R39
Change Component Designator: OldDesignator=R? NewDesignator=R40
Change Component Designator: OldDesignator=R? NewDesignator=R41
Change Component Designator: OldDesignator=R? NewDesignator=R42
Change Component Designator: OldDesignator=R? NewDesignator=R43
Change Component Designator: OldDesignator=R? NewDesignator=R44
Change Component Designator: OldDesignator=R? NewDesignator=R45
Change Component Designator: OldDesignator=R? NewDesignator=R46
Change Component Designator: OldDesignator=R? NewDesignator=R47
Change Component Designator: OldDesignator=R? NewDesignator=R48
Change Component Designator: OldDesignator=U? NewDesignator=U2
Change Component Designator: OldDesignator=U? NewDesignator=U3
Change Component Designator: OldDesignator=U? NewDesignator=U4
Change Component Designator: OldDesignator=U? NewDesignator=U5
Change Component Designator: OldDesignator=U? NewDesignator=U6
Change Component Designator: OldDesignator=U? NewDesignator=U7
Change Component Designator: OldDesignator=U? NewDesignator=U8
Change Component Designator: OldDesignator=U? NewDesignator=U9
Change Component Designator: OldDesignator=U? NewDesignator=U10
Change Component Designator: OldDesignator=U? NewDesignator=U11
Change Component Designator: OldDesignator=U? NewDesignator=U12
Change Component Designator: OldDesignator=U? NewDesignator=U13
Change Component Designator: OldDesignator=U? NewDesignator=U14
Change Component Designator: OldDesignator=U? NewDesignator=U15
Change Component Designator: OldDesignator=U? NewDesignator=U16
Change Component Designator: OldDesignator=U? NewDesignator=U17
Change Component Designator: OldDesignator=U? NewDesignator=U18
Added Pin To Net: NetName=GND Pin=U2-1
Added Pin To Net: NetName=DIR_A1 Pin=U2-2
Added Pin To Net: NetName=GND Pin=U2-3
Added Pin To Net: NetName=PMW_AR Pin=U2-4
Added Pin To Net: NetName=GND Pin=U2-5
Added Pin To Net: NetName=DIR_A2 Pin=U2-6
Added Pin To Net: NetName=GND Pin=U2-7
Added Pin To Net: NetName=PMW_AR Pin=U2-8
Added Pin To Net: NetName=GND Pin=U2-9
Added Pin To Net: NetName=GND Pin=U2-11
Added Pin To Net: NetName=OUT_A4 Pin=U2-12
Added Pin To Net: NetName=GND Pin=U2-13
Added Pin To Net: NetName=OUT_A3 Pin=U2-14
Added Pin To Net: NetName=GND Pin=U2-15
Added Pin To Net: NetName=OUT_A2 Pin=U2-16
Added Pin To Net: NetName=GND Pin=U2-17
Added Pin To Net: NetName=OUT_A1 Pin=U2-18
Added Pin To Net: NetName=GND Pin=U2-19
Added Pin To Net: NetName=GND Pin=U7-1
Added Pin To Net: NetName=DIR_A1 Pin=U7-2
Added Pin To Net: NetName=GND Pin=U7-3
Added Pin To Net: NetName=PMW_AR Pin=U7-4
Added Pin To Net: NetName=GND Pin=U7-5
Added Pin To Net: NetName=DIR_A2 Pin=U7-6
Added Pin To Net: NetName=GND Pin=U7-7
Added Pin To Net: NetName=PMW_AR Pin=U7-8
Added Pin To Net: NetName=GND Pin=U7-9
Added Pin To Net: NetName=GND Pin=U7-11
Added Pin To Net: NetName=OUT_A4 Pin=U7-12
Added Pin To Net: NetName=GND Pin=U7-13
Added Pin To Net: NetName=OUT_A3 Pin=U7-14
Added Pin To Net: NetName=GND Pin=U7-15
Added Pin To Net: NetName=OUT_A2 Pin=U7-16
Added Pin To Net: NetName=GND Pin=U7-17
Added Pin To Net: NetName=OUT_A1 Pin=U7-18
Added Pin To Net: NetName=GND Pin=U7-19
Added Pin To Net: NetName=GND Pin=U8-1
Added Pin To Net: NetName=DIR_A1 Pin=U8-2
Added Pin To Net: NetName=GND Pin=U8-3
Added Pin To Net: NetName=PMW_AR Pin=U8-4
Added Pin To Net: NetName=GND Pin=U8-5
Added Pin To Net: NetName=DIR_A2 Pin=U8-6
Added Pin To Net: NetName=GND Pin=U8-7
Added Pin To Net: NetName=PMW_AR Pin=U8-8
Added Pin To Net: NetName=GND Pin=U8-9
Added Pin To Net: NetName=GND Pin=U8-11
Added Pin To Net: NetName=OUT_A4 Pin=U8-12
Added Pin To Net: NetName=GND Pin=U8-13
Added Pin To Net: NetName=OUT_A3 Pin=U8-14
Added Pin To Net: NetName=GND Pin=U8-15
Added Pin To Net: NetName=OUT_A2 Pin=U8-16
Added Pin To Net: NetName=GND Pin=U8-17
Added Pin To Net: NetName=OUT_A1 Pin=U8-18
Added Pin To Net: NetName=GND Pin=U8-19
Added Pin To Net: NetName=GND Pin=U13-1
Added Pin To Net: NetName=DIR_A1 Pin=U13-2
Added Pin To Net: NetName=GND Pin=U13-3
Added Pin To Net: NetName=PMW_AR Pin=U13-4
Added Pin To Net: NetName=GND Pin=U13-5
Added Pin To Net: NetName=DIR_A2 Pin=U13-6
Added Pin To Net: NetName=GND Pin=U13-7
Added Pin To Net: NetName=PMW_AR Pin=U13-8
Added Pin To Net: NetName=GND Pin=U13-9
Added Pin To Net: NetName=GND Pin=U13-11
Added Pin To Net: NetName=OUT_A4 Pin=U13-12
Added Pin To Net: NetName=GND Pin=U13-13
Added Pin To Net: NetName=OUT_A3 Pin=U13-14
Added Pin To Net: NetName=GND Pin=U13-15
Added Pin To Net: NetName=OUT_A2 Pin=U13-16
Added Pin To Net: NetName=GND Pin=U13-17
Added Pin To Net: NetName=OUT_A1 Pin=U13-18
Added Pin To Net: NetName=GND Pin=U13-19
Added Pin To Net: NetName=GND Pin=U14-1
Added Pin To Net: NetName=DIR_A1 Pin=U14-2
Added Pin To Net: NetName=GND Pin=U14-3
Added Pin To Net: NetName=PMW_AR Pin=U14-4
Added Pin To Net: NetName=GND Pin=U14-5
Added Pin To Net: NetName=DIR_A2 Pin=U14-6
Added Pin To Net: NetName=GND Pin=U14-7
Added Pin To Net: NetName=PMW_AR Pin=U14-8
Added Pin To Net: NetName=GND Pin=U14-9
Added Pin To Net: NetName=GND Pin=U14-11
Added Pin To Net: NetName=OUT_A4 Pin=U14-12
Added Pin To Net: NetName=GND Pin=U14-13
Added Pin To Net: NetName=OUT_A3 Pin=U14-14
Added Pin To Net: NetName=GND Pin=U14-15
Added Pin To Net: NetName=OUT_A2 Pin=U14-16
Added Pin To Net: NetName=GND Pin=U14-17
Added Pin To Net: NetName=OUT_A1 Pin=U14-18
Added Pin To Net: NetName=GND Pin=U14-19
Change Net Name : Old Net Name=NetP?_1 New Net Name=NetP1_1
Change Net Name : Old Net Name=NetP?_2 New Net Name=NetP1_2
Change Net Name : Old Net Name=NetR?_1 New Net Name=NetR1_1
Change Net Name : Old Net Name=NetR?_2 New Net Name=NetR7_2
Added Pin To Net: NetName=NetP2_1 Pin=P2-1
Added Pin To Net: NetName=NetP2_1 Pin=U6-4
Added Pin To Net: NetName=NetP2_1 Pin=U6-8
Added Net: Name=NetP2_1
Added Pin To Net: NetName=NetP2_2 Pin=P2-2
Added Pin To Net: NetName=NetP2_2 Pin=U5-4
Added Pin To Net: NetName=NetP2_2 Pin=U5-8
Added Net: Name=NetP2_2
Added Pin To Net: NetName=NetP3_1 Pin=P3-1
Added Pin To Net: NetName=NetP3_1 Pin=U10-4
Added Pin To Net: NetName=NetP3_1 Pin=U10-8
Added Net: Name=NetP3_1
Added Pin To Net: NetName=NetP3_2 Pin=P3-2
Added Pin To Net: NetName=NetP3_2 Pin=U9-4
Added Pin To Net: NetName=NetP3_2 Pin=U9-8
Added Net: Name=NetP3_2
Added Pin To Net: NetName=NetP4_1 Pin=P4-1
Added Pin To Net: NetName=NetP4_1 Pin=U12-4
Added Pin To Net: NetName=NetP4_1 Pin=U12-8
Added Net: Name=NetP4_1
Added Pin To Net: NetName=NetP4_2 Pin=P4-2
Added Pin To Net: NetName=NetP4_2 Pin=U11-4
Added Pin To Net: NetName=NetP4_2 Pin=U11-8
Added Net: Name=NetP4_2
Added Pin To Net: NetName=NetP5_1 Pin=P5-1
Added Pin To Net: NetName=NetP5_1 Pin=U16-4
Added Pin To Net: NetName=NetP5_1 Pin=U16-8
Added Net: Name=NetP5_1
Added Pin To Net: NetName=NetP5_2 Pin=P5-2
Added Pin To Net: NetName=NetP5_2 Pin=U15-4
Added Pin To Net: NetName=NetP5_2 Pin=U15-8
Added Net: Name=NetP5_2
Added Pin To Net: NetName=NetP6_1 Pin=P6-1
Added Pin To Net: NetName=NetP6_1 Pin=U18-4
Added Pin To Net: NetName=NetP6_1 Pin=U18-8
Added Net: Name=NetP6_1
Added Pin To Net: NetName=NetP6_2 Pin=P6-2
Added Pin To Net: NetName=NetP6_2 Pin=U17-4
Added Pin To Net: NetName=NetP6_2 Pin=U17-8
Added Net: Name=NetP6_2
Added Pin To Net: NetName=NetR2_1 Pin=R2-1
Added Pin To Net: NetName=NetR2_1 Pin=U4-5
Added Net: Name=NetR2_1
Added Pin To Net: NetName=NetR3_1 Pin=R3-1
Added Pin To Net: NetName=NetR3_1 Pin=U5-5
Added Net: Name=NetR3_1
Added Pin To Net: NetName=NetR4_1 Pin=R4-1
Added Pin To Net: NetName=NetR4_1 Pin=U6-5
Added Net: Name=NetR4_1
Added Pin To Net: NetName=NetR5_2 Pin=R5-2
Added Pin To Net: NetName=NetR5_2 Pin=U4-6
Added Net: Name=NetR5_2
Added Pin To Net: NetName=NetR6_2 Pin=R6-2
Added Pin To Net: NetName=NetR6_2 Pin=U6-6
Added Net: Name=NetR6_2
Added Pin To Net: NetName=NetR8_2 Pin=R8-2
Added Pin To Net: NetName=NetR8_2 Pin=U5-6
Added Net: Name=NetR8_2
Added Pin To Net: NetName=NetR17_1 Pin=R17-1
Added Pin To Net: NetName=NetR17_1 Pin=U9-5
Added Net: Name=NetR17_1
Added Pin To Net: NetName=NetR18_1 Pin=R18-1
Added Pin To Net: NetName=NetR18_1 Pin=U10-5
Added Net: Name=NetR18_1
Added Pin To Net: NetName=NetR19_1 Pin=R19-1
Added Pin To Net: NetName=NetR19_1 Pin=U11-5
Added Net: Name=NetR19_1
Added Pin To Net: NetName=NetR20_1 Pin=R20-1
Added Pin To Net: NetName=NetR20_1 Pin=U12-5
Added Net: Name=NetR20_1
Added Pin To Net: NetName=NetR21_2 Pin=R21-2
Added Pin To Net: NetName=NetR21_2 Pin=U10-6
Added Net: Name=NetR21_2
Added Pin To Net: NetName=NetR22_2 Pin=R22-2
Added Pin To Net: NetName=NetR22_2 Pin=U12-6
Added Net: Name=NetR22_2
Added Pin To Net: NetName=NetR23_2 Pin=R23-2
Added Pin To Net: NetName=NetR23_2 Pin=U9-6
Added Net: Name=NetR23_2
Added Pin To Net: NetName=NetR24_2 Pin=R24-2
Added Pin To Net: NetName=NetR24_2 Pin=U11-6
Added Net: Name=NetR24_2
Added Pin To Net: NetName=NetR33_1 Pin=R33-1
Added Pin To Net: NetName=NetR33_1 Pin=U15-5
Added Net: Name=NetR33_1
Added Pin To Net: NetName=NetR34_1 Pin=R34-1
Added Pin To Net: NetName=NetR34_1 Pin=U16-5
Added Net: Name=NetR34_1
Added Pin To Net: NetName=NetR35_1 Pin=R35-1
Added Pin To Net: NetName=NetR35_1 Pin=U17-5
Added Net: Name=NetR35_1
Added Pin To Net: NetName=NetR36_1 Pin=R36-1
Added Pin To Net: NetName=NetR36_1 Pin=U18-5
Added Net: Name=NetR36_1
Added Pin To Net: NetName=NetR37_2 Pin=R37-2
Added Pin To Net: NetName=NetR37_2 Pin=U16-6
Added Net: Name=NetR37_2
Added Pin To Net: NetName=NetR38_2 Pin=R38-2
Added Pin To Net: NetName=NetR38_2 Pin=U18-6
Added Net: Name=NetR38_2
Added Pin To Net: NetName=NetR39_2 Pin=R39-2
Added Pin To Net: NetName=NetR39_2 Pin=U15-6
Added Net: Name=NetR39_2
Added Pin To Net: NetName=NetR40_2 Pin=R40-2
Added Pin To Net: NetName=NetR40_2 Pin=U17-6
Added Net: Name=NetR40_2
Added Member To Class: ClassName=Sheet1 Member=Component C1 VJ0805A101GXACW1BC
Added Member To Class: ClassName=Sheet1 Member=Component C2 VJ0805A101GXACW1BC
Added Member To Class: ClassName=Sheet1 Member=Component C3 EEUFM1H151B
Added Member To Class: ClassName=Sheet1 Member=Component C4 EEUFM1H151B
Added Member To Class: ClassName=Sheet1 Member=Component C6 VJ0805A101GXACW1BC
Added Member To Class: ClassName=Sheet1 Member=Component C7 EEUFM1H151B
Added Member To Class: ClassName=Sheet1 Member=Component C8 EEUFM1H151B
Added Member To Class: ClassName=Sheet1 Member=Component C9 VJ0805A101GXACW1BC
Added Member To Class: ClassName=Sheet1 Member=Component C10 VJ0805A101GXACW1BC
Added Member To Class: ClassName=Sheet1 Member=Component C11 EEUFM1H151B
Added Member To Class: ClassName=Sheet1 Member=Component C12 EEUFM1H151B
Added Member To Class: ClassName=Sheet1 Member=Component P1 KF -2 5.08
Added Member To Class: ClassName=Sheet1 Member=Component P2 KF -2 5.08
Added Member To Class: ClassName=Sheet1 Member=Component P3 KF -2 5.08
Added Member To Class: ClassName=Sheet1 Member=Component P5 KF -2 5.08
Added Member To Class: ClassName=Sheet1 Member=Component P6 KF -2 5.08
Added Member To Class: ClassName=Sheet1 Member=Component R1 CRCW08051K00FKTC
Added Member To Class: ClassName=Sheet1 Member=Component R2 CRCW08051K00FKTC
Added Member To Class: ClassName=Sheet1 Member=Component R3 CRCW08051K00FKTC
Added Member To Class: ClassName=Sheet1 Member=Component R4 CRCW08051K00FKTC
Added Member To Class: ClassName=Sheet1 Member=Component R5 CRCW08051K00FKTC
Added Member To Class: ClassName=Sheet1 Member=Component R6 CRCW08051K00FKTC
Added Member To Class: ClassName=Sheet1 Member=Component R7 CRCW08051K00FKTC
Added Member To Class: ClassName=Sheet1 Member=Component R8 CRCW08051K00FKTC
Added Member To Class: ClassName=Sheet1 Member=Component R9 CRCW08051K00FKTC
Added Member To Class: ClassName=Sheet1 Member=Component R10 CRCW08051K00FKTC
Added Member To Class: ClassName=Sheet1 Member=Component R11 CRCW08051K00FKTC
Added Member To Class: ClassName=Sheet1 Member=Component R12 CRCW08051K00FKTC
Added Member To Class: ClassName=Sheet1 Member=Component R13 CRCW08051K00FKTC
Added Member To Class: ClassName=Sheet1 Member=Component R14 CRCW08051K00FKTC
Added Member To Class: ClassName=Sheet1 Member=Component R15 CRCW08051K00FKTC
Added Member To Class: ClassName=Sheet1 Member=Component R16 CRCW08051K00FKTC
Added Member To Class: ClassName=Sheet1 Member=Component R17 CRCW08051K00FKTC
Added Member To Class: ClassName=Sheet1 Member=Component R18 CRCW08051K00FKTC
Added Member To Class: ClassName=Sheet1 Member=Component R19 CRCW08051K00FKTC
Added Member To Class: ClassName=Sheet1 Member=Component R20 CRCW08051K00FKTC
Added Member To Class: ClassName=Sheet1 Member=Component R21 CRCW08051K00FKTC
Added Member To Class: ClassName=Sheet1 Member=Component R22 CRCW08051K00FKTC
Added Member To Class: ClassName=Sheet1 Member=Component R23 CRCW08051K00FKTC
Added Member To Class: ClassName=Sheet1 Member=Component R24 CRCW08051K00FKTC
Added Member To Class: ClassName=Sheet1 Member=Component R25 CRCW08051K00FKTC
Added Member To Class: ClassName=Sheet1 Member=Component R26 CRCW08051K00FKTC
Added Member To Class: ClassName=Sheet1 Member=Component R27 CRCW08051K00FKTC
Added Member To Class: ClassName=Sheet1 Member=Component R28 CRCW08051K00FKTC
Added Member To Class: ClassName=Sheet1 Member=Component R29 CRCW08051K00FKTC
Added Member To Class: ClassName=Sheet1 Member=Component R30 CRCW08051K00FKTC
Added Member To Class: ClassName=Sheet1 Member=Component R31 CRCW08051K00FKTC
Added Member To Class: ClassName=Sheet1 Member=Component R32 CRCW08051K00FKTC
Added Member To Class: ClassName=Sheet1 Member=Component R33 CRCW08051K00FKTC
Added Member To Class: ClassName=Sheet1 Member=Component R34 CRCW08051K00FKTC
Added Member To Class: ClassName=Sheet1 Member=Component R35 CRCW08051K00FKTC
Added Member To Class: ClassName=Sheet1 Member=Component R36 CRCW08051K00FKTC
Added Member To Class: ClassName=Sheet1 Member=Component R37 CRCW08051K00FKTC
Added Member To Class: ClassName=Sheet1 Member=Component R38 CRCW08051K00FKTC
Added Member To Class: ClassName=Sheet1 Member=Component R39 CRCW08051K00FKTC
Added Member To Class: ClassName=Sheet1 Member=Component R40 CRCW08051K00FKTC
Added Member To Class: ClassName=Sheet1 Member=Component R41 CRCW08051K00FKTC
Added Member To Class: ClassName=Sheet1 Member=Component R42 CRCW08051K00FKTC
Added Member To Class: ClassName=Sheet1 Member=Component R43 CRCW08051K00FKTC
Added Member To Class: ClassName=Sheet1 Member=Component R45 CRCW08051K00FKTC
Added Member To Class: ClassName=Sheet1 Member=Component R46 CRCW08051K00FKTC
Added Member To Class: ClassName=Sheet1 Member=Component R47 CRCW08051K00FKTC
Added Member To Class: ClassName=Sheet1 Member=Component R48 CRCW08051K00FKTC
Added Member To Class: ClassName=Sheet1 Member=Component U2 SN74AHC244DWR
Added Member To Class: ClassName=Sheet1 Member=Component U3 BTS7960B
Added Member To Class: ClassName=Sheet1 Member=Component U4 BTS7960B
Added Member To Class: ClassName=Sheet1 Member=Component U5 BTS7960B
Added Member To Class: ClassName=Sheet1 Member=Component U6 BTS7960B
Added Member To Class: ClassName=Sheet1 Member=Component U7 SN74AHC244DWR
Added Member To Class: ClassName=Sheet1 Member=Component U8 SN74AHC244DWR
Added Member To Class: ClassName=Sheet1 Member=Component U9 BTS7960B
Added Member To Class: ClassName=Sheet1 Member=Component U10 BTS7960B
Added Member To Class: ClassName=Sheet1 Member=Component U11 BTS7960B
Added Member To Class: ClassName=Sheet1 Member=Component U12 BTS7960B
Added Member To Class: ClassName=Sheet1 Member=Component U13 SN74AHC244DWR
Added Member To Class: ClassName=Sheet1 Member=Component U14 SN74AHC244DWR
Added Member To Class: ClassName=Sheet1 Member=Component U15 BTS7960B
Added Member To Class: ClassName=Sheet1 Member=Component U16 BTS7960B
Added Member To Class: ClassName=Sheet1 Member=Component U17 BTS7960B
Added Member To Class: ClassName=Sheet1 Member=Component U18 BTS7960B
