Removed Pin From Net: NetName=GND Pin=C13-1
Removed Pin From Net: NetName=+12 Pin=C13-2
Removed Pin From Net: NetName=GND Pin=C14-1
Removed Pin From Net: NetName=+12 Pin=C14-2
Removed Pin From Net: NetName=GND Pin=C15-1
Removed Pin From Net: NetName=+12 Pin=C15-2
Removed Pin From Net: NetName=GND Pin=C16-1
Removed Pin From Net: NetName=+12 Pin=C16-2
Removed Pin From Net: NetName=GND Pin=C17-1
Removed Pin From Net: NetName=GND Pin=C18-1
Removed Pin From Net: NetName=+5 Pin=C18-2
Removed Pin From Net: NetName=GND Pin=D7-15
Removed Pin From Net: NetName=GND Pin=D7-16
Removed Pin From Net: NetName=GND Pin=D14-2
Removed Pin From Net: NetName=GND Pin=D15-2
Removed Pin From Net: NetName=GND Pin=D16-1
Removed Pin From Net: NetName=GND Pin=D17-1
Removed Pin From Net: NetName=+12 Pin=K1-7
Removed Pin From Net: NetName=+12 Pin=K2-7
Removed Pin From Net: NetName=+12 Pin=K3-7
Removed Pin From Net: NetName=+12 Pin=K4-7
Removed Pin From Net: NetName=+12 Pin=K5-7
Removed Pin From Net: NetName=+12 Pin=K6-7
Removed Pin From Net: NetName=+5 Pin=L2-2
Removed Pin From Net: NetName=GND Pin=Q1-1
Removed Pin From Net: NetName=GND Pin=Q2-1
Removed Pin From Net: NetName=GND Pin=Q3-1
Removed Pin From Net: NetName=GND Pin=Q4-1
Removed Pin From Net: NetName=GND Pin=Q5-1
Removed Pin From Net: NetName=GND Pin=Q6-1
Removed Pin From Net: NetName=+5 Pin=R49-1
Removed Pin From Net: NetName=+5 Pin=R50-1
Removed Pin From Net: NetName=+5 Pin=R52-1
Removed Pin From Net: NetName=+5 Pin=R53-1
Removed Pin From Net: NetName=+5 Pin=R55-1
Removed Pin From Net: NetName=+5 Pin=R56-1
Removed Pin From Net: NetName=+5 Pin=R58-1
Removed Pin From Net: NetName=+5 Pin=R59-1
Removed Pin From Net: NetName=+5 Pin=R61-1
Removed Pin From Net: NetName=+5 Pin=R62-1
Removed Pin From Net: NetName=+5 Pin=R64-1
Removed Pin From Net: NetName=+5 Pin=R65-1
Removed Pin From Net: NetName=+5 Pin=R68-2
Removed Pin From Net: NetName=GND Pin=R69-1
Removed Pin From Net: NetName=GND Pin=R70-1
Removed Pin From Net: NetName=+5 Pin=T2-3
Removed Pin From Net: NetName=+12 Pin=U19-4
Removed Pin From Net: NetName=+12 Pin=U20-4
Removed Pin From Net: NetName=+12 Pin=U21-4
Removed Pin From Net: NetName=+12 Pin=U22-4
Removed Pin From Net: NetName=+12 Pin=U23-4
Removed Pin From Net: NetName=+12 Pin=U24-4
Removed Pin From Net: NetName=+12 Pin=U25-1
Removed Pin From Net: NetName=GND Pin=U25-3
Removed Pin From Net: NetName=GND Pin=U25-5
Removed Pin From Net: NetName=GND Pin=U25-6
Removed Pin From Net: NetName=+12 Pin=U26-1
Removed Pin From Net: NetName=GND Pin=U26-3
Removed Pin From Net: NetName=GND Pin=U26-5
Removed Pin From Net: NetName=GND Pin=U26-6
Removed Member From Class: ClassName=Sheet1 Member=C13
Removed Member From Class: ClassName=Sheet1 Member=C14
Removed Member From Class: ClassName=Sheet1 Member=C15
Removed Member From Class: ClassName=Sheet1 Member=C16
Removed Member From Class: ClassName=Sheet1 Member=C17
Removed Member From Class: ClassName=Sheet1 Member=C18
Removed Member From Class: ClassName=Sheet1 Member=D1
Removed Member From Class: ClassName=Sheet1 Member=D2
Removed Member From Class: ClassName=Sheet1 Member=D3
Removed Member From Class: ClassName=Sheet1 Member=D4
Removed Member From Class: ClassName=Sheet1 Member=D5
Removed Member From Class: ClassName=Sheet1 Member=D6
Removed Member From Class: ClassName=Sheet1 Member=D7
Removed Member From Class: ClassName=Sheet1 Member=D8
Removed Member From Class: ClassName=Sheet1 Member=D9
Removed Member From Class: ClassName=Sheet1 Member=D10
Removed Member From Class: ClassName=Sheet1 Member=D11
Removed Member From Class: ClassName=Sheet1 Member=D12
Removed Member From Class: ClassName=Sheet1 Member=D13
Removed Member From Class: ClassName=Sheet1 Member=D14
Removed Member From Class: ClassName=Sheet1 Member=D15
Removed Member From Class: ClassName=Sheet1 Member=D16
Removed Member From Class: ClassName=Sheet1 Member=D17
Removed Member From Class: ClassName=Sheet1 Member=K1
Removed Member From Class: ClassName=Sheet1 Member=K2
Removed Member From Class: ClassName=Sheet1 Member=K3
Removed Member From Class: ClassName=Sheet1 Member=K4
Removed Member From Class: ClassName=Sheet1 Member=K5
Removed Member From Class: ClassName=Sheet1 Member=K6
Removed Member From Class: ClassName=Sheet1 Member=L1
Removed Member From Class: ClassName=Sheet1 Member=L2
Removed Member From Class: ClassName=Sheet1 Member=Q1
Removed Member From Class: ClassName=Sheet1 Member=Q2
Removed Member From Class: ClassName=Sheet1 Member=Q3
Removed Member From Class: ClassName=Sheet1 Member=Q4
Removed Member From Class: ClassName=Sheet1 Member=Q5
Removed Member From Class: ClassName=Sheet1 Member=Q6
Removed Member From Class: ClassName=Sheet1 Member=R49
Removed Member From Class: ClassName=Sheet1 Member=R50
Removed Member From Class: ClassName=Sheet1 Member=R51
Removed Member From Class: ClassName=Sheet1 Member=R52
Removed Member From Class: ClassName=Sheet1 Member=R53
Removed Member From Class: ClassName=Sheet1 Member=R54
Removed Member From Class: ClassName=Sheet1 Member=R55
Removed Member From Class: ClassName=Sheet1 Member=R56
Removed Member From Class: ClassName=Sheet1 Member=R57
Removed Member From Class: ClassName=Sheet1 Member=R58
Removed Member From Class: ClassName=Sheet1 Member=R59
Removed Member From Class: ClassName=Sheet1 Member=R60
Removed Member From Class: ClassName=Sheet1 Member=R61
Removed Member From Class: ClassName=Sheet1 Member=R62
Removed Member From Class: ClassName=Sheet1 Member=R63
Removed Member From Class: ClassName=Sheet1 Member=R64
Removed Member From Class: ClassName=Sheet1 Member=R65
Removed Member From Class: ClassName=Sheet1 Member=R66
Removed Member From Class: ClassName=Sheet1 Member=R67
Removed Member From Class: ClassName=Sheet1 Member=R68
Removed Member From Class: ClassName=Sheet1 Member=R69
Removed Member From Class: ClassName=Sheet1 Member=R70
Removed Member From Class: ClassName=Sheet1 Member=T1
Removed Member From Class: ClassName=Sheet1 Member=T2
Removed Member From Class: ClassName=Sheet1 Member=U19
Removed Member From Class: ClassName=Sheet1 Member=U20
Removed Member From Class: ClassName=Sheet1 Member=U21
Removed Member From Class: ClassName=Sheet1 Member=U22
Removed Member From Class: ClassName=Sheet1 Member=U23
Removed Member From Class: ClassName=Sheet1 Member=U24
Removed Member From Class: ClassName=Sheet1 Member=U25
Removed Member From Class: ClassName=Sheet1 Member=U26
