Removed Pin From Net: NetName=COIN_8 Pin=D24-1
Removed Pin From Net: NetName=COIN_8 Pin=D25-1
Removed Pin From Net: NetName=+24 Pin=D25-2
Removed Pin From Net: NetName=GND Pin=D26-1
Removed Pin From Net: NetName=COIN_7 Pin=D27-1
Removed Pin From Net: NetName=COIN_7 Pin=D28-1
Removed Pin From Net: NetName=+24 Pin=D28-2
Removed Pin From Net: NetName=GND Pin=D29-1
Removed Pin From Net: NetName=GND Pin=Q7-3
Removed Pin From Net: NetName=COIN_8 Pin=Q7-4
Removed Pin From Net: NetName=GND Pin=Q8-3
Removed Pin From Net: NetName=COIN_7 Pin=Q8-4
Removed Pin From Net: NetName=NetR3_1 Pin=R36-1
Removed Pin From Net: NetName=GND Pin=R37-2
Removed Pin From Net: NetName=GND Pin=R38-2
Removed Pin From Net: NetName=NetR3_1 Pin=R41-1
Removed Pin From Net: NetName=GND Pin=R42-2
Removed Pin From Net: NetName=GND Pin=R43-2
Removed Pin From Net: NetName=NetR3_1 Pin=U9-1
Removed Pin From Net: NetName=+12 Pin=U9-4
Removed Pin From Net: NetName=NetR3_1 Pin=U10-1
Removed Pin From Net: NetName=+12 Pin=U10-4
Removed Member From Class: ClassName=Sheet2 Member=D24
Removed Member From Class: ClassName=Sheet2 Member=D25
Removed Member From Class: ClassName=Sheet2 Member=D26
Removed Member From Class: ClassName=Sheet2 Member=D27
Removed Member From Class: ClassName=Sheet2 Member=D28
Removed Member From Class: ClassName=Sheet2 Member=D29
Removed Member From Class: ClassName=Sheet2 Member=Q7
Removed Member From Class: ClassName=Sheet2 Member=Q8
Removed Member From Class: ClassName=Sheet2 Member=R35
Removed Member From Class: ClassName=Sheet2 Member=R36
Removed Member From Class: ClassName=Sheet2 Member=R37
Removed Member From Class: ClassName=Sheet2 Member=R38
Removed Member From Class: ClassName=Sheet2 Member=R39
Removed Member From Class: ClassName=Sheet2 Member=R40
Removed Member From Class: ClassName=Sheet2 Member=R41
Removed Member From Class: ClassName=Sheet2 Member=R42
Removed Member From Class: ClassName=Sheet2 Member=R43
Removed Member From Class: ClassName=Sheet2 Member=R44
Removed Member From Class: ClassName=Sheet2 Member=U9
Removed Member From Class: ClassName=Sheet2 Member=U10
Added Component: Designator=U?(MODULE_DEV-16771)
Add component (AddParameter): Name = "Check_prices"; Value = "https://www.snapeda.com/parts/DEV-16771/SparkFun+Electronics/view-part/?ref=eda"; VariantName = "[No Variations]"
Add component (AddParameter): Name = "MF"; Value = "SparkFun Electronics"; VariantName = "[No Variations]"
Add component (AddParameter): Name = "MP"; Value = "DEV-16771"; VariantName = "[No Variations]"
Add component (AddParameter): Name = "Package"; Value = "None"; VariantName = "[No Variations]"
Add component (AddParameter): Name = "SnapEDA_Link"; Value = "https://www.snapeda.com/parts/DEV-16771/SparkFun+Electronics/view-part/?ref=snap"; VariantName = "[No Variations]"
Add component (AddParameter): Name = "Value"; Value = ""; VariantName = "[No Variations]"
Added Component: Designator=U?(DIP44)
Added Member To Class: ClassName=Sheet2 Member=Component U? DEV-16771
Added Member To Class: ClassName=Sheet2 Member=Component U? ESP32_N8R8
